COMMENT		text: // doesn't support floating point
KEYWORD		text: 50006
