COMMENT		text: // some more complicated corner cases
IDENTIFIER		text: z
ASSIGNMENT		text: =
SUB		text: -
PARL		text: (
KEYWORD		text: 5
MULTIPLY		text: *
KEYWORD		text: 4
PARR		text: )
SEMICOLON		text: ;
IDENTIFIER		text: z
ASSIGNMENT		text: =
KEYWORD		text: 15
ADD		text: +
KEYWORD		text: 5
SUB		text: -
KEYWORD		text: 4
MULTIPLY		text: *
KEYWORD		text: 3
DIVIDE		text: /
KEYWORD		text: 7
SEMICOLON		text: ;
IDENTIFIER		text: z
ASSIGNMENT		text: =
IDENTIFIER		text: x
ADD		text: +
PARL		text: (
IDENTIFIER		text: y
MULTIPLY		text: *
KEYWORD		text: 5
SUB		text: -
PARL		text: (
KEYWORD		text: 4
ADD		text: +
KEYWORD		text: 20
DIVIDE		text: /
IDENTIFIER		text: v
PARR		text: )
SUB		text: -
KEYWORD		text: 15
PARR		text: )
MODULO		text: %
KEYWORD		text: 6
ADD		text: +
IDENTIFIER		text: z
SEMICOLON		text: ;
COMMENT		text: //long integer expr
IDENTIFIER		text: z
POS_INCREMENT		text: ++
ADD		text: +
SEMICOLON		text: ;
COMMENT		text: // these will cause parsing errors
IDENTIFIER		text: w
POS_DECREMENT		text: --
SUB		text: -
SEMICOLON		text: ;
