IDENTIFIER		text: wHile
SEMICOLON		text: ;
COLON		text: :
SEMICOLON		text: ;
COLON		text: :
SEMICOLON		text: ;
COLON		text: :
SEMICOLON		text: ;
IDENTIFIER		text: yes
IDENTIFIER		text: DUrt
