
CSE 40243 B-Minor Parser
Enter a valid  B-Minor Code 

Scan Successful
parse error: syntax error
Parse Unsuccessful
