
CSE 40243 B-Minor Parser
Enter a valid  B-Minor Code 

Parse Successful
