
CSE 40243 B-Minor Parser
Enter a valid  B-Minor Code 

scan error: bad token: ?
parse error: syntax error
Parse Unsuccessful
