	Scan Successful
	Parse Successful
	Reformatted Code
x: integer = 5;
y: integer = 10;
main: function void()  = 
{
    x: integer = y * 10 + 15 - test();
    
    
}

test: function char()  = 
{
    return 'a';
    
}


*****RESOLVING*******

y is bound to (global) y
resolve error: test is not defined
	Code Resolved
