	Scan Successful
	Parse Successful
	Reformatted Code
charFxn: function char(x: char)  = 
{
    if (x == 'a')
        
        {
            return 'z';
            
        }
        
}

main: function void()  = 
{
    c: char;
    
    if ('a' == charFxn('c'))
        
        {
            print "unreachable";
            
        }
        if ('a' != 'a')
        
        {
            print "unreachable";
            
        }
        if (c == 'a')
        
        {
            print "unreachable";
            
        }
        
}


*****RESOLVING*******

x resolves to (param)
x is bound to (L3) x
charFxn is bound to (global) charFxn
c is bound to (L3) c
	Code Resolved

*****TYPECHECKING*******

	Code Typecheck
