	Scan Successful
	Parse Successful
	Reformatted Code
y: integer = 10;
main: function void()  = 
{
    if (y > 5 && 'a' || true)
        
        {
            print "ok";
            
        }
        
}


*****RESOLVING*******

y is bound to (global) y
	Code Resolved

*****TYPECHECKING*******

error: Dearest programmer, you cannot && a  boolean (y > 5 ) to a  char ('a' )
 || a  boolean (y > 5 ) to a  char ('a' )
 compare a  boolean (y > 5 ) to a  char ('a' )
	Code Typecheck
