	Scan Successful
	Parse Successful
	Reformatted Code
test1: function integer(a: integer, b: integer) ;
test2: function boolean(a: integer, b: integer) ;
test3: function string(a: integer) ;
main: function void()  = 
{
    str: string = "hi";
    
    
}

test3: function string(a: boolean)  = 
{
    return "hello!";
    
}

test2: function integer(a: integer, b: integer)  = 
{
    return a + b;
    
}


*****RESOLVING*******

a resolves to (param)
a resolves to (param)
b resolves to (param)
a is bound to (L3) a
b is bound to (L3) b
	Code Resolved

*****TYPECHECKING*******

	Code Typecheck
