	Scan Successful
	Parse Successful
	Reformatted Code
x: integer;
main: function void()  = 
{
    for (; ;  )
        
        {
            x: integer = 5;
            
            
            {
                x: integer = 6;
                
                print x;
                
            }
            
        }
        if (x > 5)
        
        {
            x++;
            
        }
        
}

funct2: function void()  = 
{
    
    {
        print "hello";
        
    }
    if (x > 5)
        if (x < 5)
            
            {
                x++;
                
            }
            
        else
            
            {
                x++;
                x--;
                
            }
            
}


*****RESOLVING*******

x is bound to (L5) x
x is bound to (global) x
x is bound to (global) x
x is bound to (global) x
x is bound to (global) x
x is bound to (global) x
	Code Resolved

*****TYPECHECKING*******

	Code Typecheck
