	Scan Successful
	Parse Successful
	Reformatted Code
main: function void()  = 
{
    x: integer = 5;
    
    y: integer = 4;
    
    z: boolean = true || -( 4 * x^5 ) + ( 4 - 4 ) >= 16 - 6 * 3 + x && y^2 == 16;
    
    
}


*****RESOLVING*******

x is bound to (L3) x
x is bound to (L3) x
y is bound to (L3) y
	Code Resolved

*****TYPECHECKING*******

	Code Typecheck
