	Scan Successful
	Parse Successful
	Reformatted Code

*****RESOLVING*******

	Code Resolved

*****TYPECHECKING*******

	Code Typecheck
