	Scan Successful
	Parse Successful
	Reformatted Code
func1: function integer(x: integer, y: char)  = 
{
    print x;
    return 1;
    
}

func2: function integer(y: char)  = 
{
    print x;
    return 2;
    
}

func3: function integer(x: integer, y: char, z: string)  = 
{
    print z;
    return 4;
    
}

main: function void()  = 
{
    x: integer = 4;
    
    y: char = 'c';
    
    z: string = "hello";
    
    func2('c');
    func2(y);
    func1(42, y);
    func1(x, 'c');
    func3(4, y, z);
    
}


*****RESOLVING*******

x resolves to (param)
y resolves to (param)
x is bound to (L3) x
y resolves to (param)
resolve error: x is not defined
x resolves to (param)
y resolves to (param)
z resolves to (param)
z is bound to (L3) z
func2 is bound to (global) func2
func2 is bound to (global) func2
y is bound to (L3) y
func1 is bound to (global) func1
y is bound to (L3) y
func1 is bound to (global) func1
x is bound to (L3) x
func3 is bound to (global) func3
y is bound to (L3) y
z is bound to (L3) z
	Code Resolved
