	Scan Successful
	Parse Successful
	Reformatted Code
str: string = "this is a string";
str2: string;
x: integer;
main: function void()  = 
{
    print ;
    print "\n \r \t \0";
    print x;
    print str;
    
}


*****RESOLVING*******

resolve error: y is not defined
x is bound to (global) x
str2 is bound to (global) str2
x is bound to (global) x
str is bound to (global) str
	Code Resolved
