	Scan Successful
	Parse Successful
	Reformatted Code
x: integer = 5;
y: integer = 10;
test: function integer() ;
main: function void()  = 
{
    x: integer = y * 10 + 15 - test();
    
    
}

test: function integer()  = 
{
    return 5;
    
}


*****RESOLVING*******

y is bound to (global) y
test is bound to (global) test
resolve error: test is already defined	Code Resolved
