	Scan Successful
	Parse Successful
	Reformatted Code
main: function void()  = 
{
    x: integer = 5;
    
    y: integer = 4;
    
    if (!( ( 4 * x^5 + 4 ) - 4 >= 1 ))
        
        {
            x = 6;
            
        }
        
}


*****RESOLVING*******

x is bound to (L3) x
x is bound to (L4) x
	Code Resolved

*****TYPECHECKING*******

	Code Typecheck
