	Scan Successful
parse error: syntax error
Parse Unsuccessful
