	Scan Successful
	Parse Successful
	Reformatted Code
x: integer = 1;
f: integer = x;
c: integer = f = x;

*****RESOLVING*******

x is bound to (global) x
f is bound to (global) f
x is bound to (global) x
	Code Resolved

*****TYPECHECKING*******

	Code Typecheck
