	Scan Successful
	Parse Successful
	Reformatted Code
x: integer;
x: integer = 0;
a: boolean = true;
main: function void()  = 
{
    return 0;
    
}


*****RESOLVING*******

	Code Resolved

*****TYPECHECKING*******

	Code Typecheck
