	Scan Successful
	Parse Successful
	Reformatted Code
x: function integer(i: function integer)  = 
{
    return x;
    
}


*****RESOLVING*******

i resolves to (param)
x is bound to (global) x
	Code Resolved

*****TYPECHECKING*******

	Code Typecheck
