//	CSE 40243 B-Minor Parser
//	Enter a valid  B-Minor Code 

//	Scan Successful
//	Parse Successful
double: function void(n: integer)  = 
{
    for (i = 0; i < n; i = i + 1 )
        
        {
            i = i + i;
            print i + "\n";
            
        }
        
}

