	Scan Successful
	Parse Successful
	Reformatted Code
val: function void()  = 
{
    return -1;
    
}


*****RESOLVING*******

	Code Resolved

*****TYPECHECKING*******

	Code Typecheck
