//	CSE 40243 B-Minor Parser
//	Enter a valid  B-Minor Code 

//	Scan Successful
//	Parse Successful
a: function void()  = 
{
    if (x > 1)
        
        {
            print "1";
            
        }
        
}

