//	CSE 40243 B-Minor Parser
//	Enter a valid  B-Minor Code 

//	Scan Successful
//	Parse Successful
x: integer  = 1;
f: integer  = x;
c: integer  = f = x;
